exports[`App renders correctly 1`] = `
<div>
   hola 
</div>
`;
